// Vitest Snapshot v1

exports[`Hash table solution should should render 1`] = `
[
  <h1>
    Solution using hash table
  </h1>,
  <div>
    <label
      htmlFor="grid-size-options"
      style={
        {
          "marginRight": 8,
        }
      }
    >
      Change grid size:
    </label>
    <select
      name="grid-size-options"
      onChange={[Function]}
      style={
        {
          "marginBottom": 16,
        }
      }
    >
      <option
        value={4}
      >
        4
      </option>
      <option
        value={5}
      >
        5
      </option>
      <option
        value={6}
      >
        6
      </option>
    </select>
  </div>,
  <section
    style={
      {
        "border": "1px solid gray",
        "display": "grid",
        "gridTemplate": "repeat(4, 1fr) / repeat(4, 1fr)",
        "maxWidth": 400,
      }
    }
  >
    <button
      aria-label="red square"
      className="square"
      onClick={[Function]}
      style={
        {
          "background": "rgb(226, 68, 47)",
          "border": "1px solid black",
          "height": 100,
          "width": "100%",
        }
      }
    />
    <button
      aria-label="red square"
      className="square"
      onClick={[Function]}
      style={
        {
          "background": "rgb(226, 68, 47)",
          "border": "1px solid black",
          "height": 100,
          "width": "100%",
        }
      }
    />
    <button
      aria-label="red square"
      className="square"
      onClick={[Function]}
      style={
        {
          "background": "rgb(226, 68, 47)",
          "border": "1px solid black",
          "height": 100,
          "width": "100%",
        }
      }
    />
    <button
      aria-label="red square"
      className="square"
      onClick={[Function]}
      style={
        {
          "background": "rgb(226, 68, 47)",
          "border": "1px solid black",
          "height": 100,
          "width": "100%",
        }
      }
    />
    <button
      aria-label="red square"
      className="square"
      onClick={[Function]}
      style={
        {
          "background": "rgb(226, 68, 47)",
          "border": "1px solid black",
          "height": 100,
          "width": "100%",
        }
      }
    />
    <button
      aria-label="red square"
      className="square"
      onClick={[Function]}
      style={
        {
          "background": "rgb(226, 68, 47)",
          "border": "1px solid black",
          "height": 100,
          "width": "100%",
        }
      }
    />
    <button
      aria-label="red square"
      className="square"
      onClick={[Function]}
      style={
        {
          "background": "rgb(226, 68, 47)",
          "border": "1px solid black",
          "height": 100,
          "width": "100%",
        }
      }
    />
    <button
      aria-label="red square"
      className="square"
      onClick={[Function]}
      style={
        {
          "background": "rgb(226, 68, 47)",
          "border": "1px solid black",
          "height": 100,
          "width": "100%",
        }
      }
    />
    <button
      aria-label="red square"
      className="square"
      onClick={[Function]}
      style={
        {
          "background": "rgb(226, 68, 47)",
          "border": "1px solid black",
          "height": 100,
          "width": "100%",
        }
      }
    />
    <button
      aria-label="red square"
      className="square"
      onClick={[Function]}
      style={
        {
          "background": "rgb(226, 68, 47)",
          "border": "1px solid black",
          "height": 100,
          "width": "100%",
        }
      }
    />
    <button
      aria-label="red square"
      className="square"
      onClick={[Function]}
      style={
        {
          "background": "rgb(226, 68, 47)",
          "border": "1px solid black",
          "height": 100,
          "width": "100%",
        }
      }
    />
    <button
      aria-label="red square"
      className="square"
      onClick={[Function]}
      style={
        {
          "background": "rgb(226, 68, 47)",
          "border": "1px solid black",
          "height": 100,
          "width": "100%",
        }
      }
    />
    <button
      aria-label="red square"
      className="square"
      onClick={[Function]}
      style={
        {
          "background": "rgb(226, 68, 47)",
          "border": "1px solid black",
          "height": 100,
          "width": "100%",
        }
      }
    />
    <button
      aria-label="red square"
      className="square"
      onClick={[Function]}
      style={
        {
          "background": "rgb(226, 68, 47)",
          "border": "1px solid black",
          "height": 100,
          "width": "100%",
        }
      }
    />
    <button
      aria-label="red square"
      className="square"
      onClick={[Function]}
      style={
        {
          "background": "rgb(226, 68, 47)",
          "border": "1px solid black",
          "height": 100,
          "width": "100%",
        }
      }
    />
    <button
      aria-label="red square"
      className="square"
      onClick={[Function]}
      style={
        {
          "background": "rgb(226, 68, 47)",
          "border": "1px solid black",
          "height": 100,
          "width": "100%",
        }
      }
    />
  </section>,
  <div
    style={
      {
        "borderBottom": "1px solid gainsboro",
      }
    }
  >
    <p>
      <b>
        Clicks:
      </b>
       
      0
    </p>
    <button
      className="reset-button"
      disabled={true}
      onClick={[Function]}
      style={
        {
          "background": "#ff8fe7",
          "border": "1px solid transparent",
          "borderRadius": 4,
          "boxShadow": "none",
          "height": 40,
          "marginBottom": 16,
          "transform": "none",
          "transition": "all 250ms ease-in-out",
        }
      }
    >
      Reset game
    </button>
  </div>,
]
`;

exports[`Hash table solution should should render 2`] = `
[
  <h1>
    Solution using hash table
  </h1>,
  <div>
    <label
      htmlFor="grid-size-options"
      style={
        {
          "marginRight": 8,
        }
      }
    >
      Change grid size:
    </label>
    <select
      name="grid-size-options"
      onChange={[Function]}
      style={
        {
          "marginBottom": 16,
        }
      }
    >
      <option
        value={4}
      >
        4
      </option>
      <option
        value={5}
      >
        5
      </option>
      <option
        value={6}
      >
        6
      </option>
    </select>
  </div>,
  <section
    style={
      {
        "border": "1px solid gray",
        "display": "grid",
        "gridTemplate": "repeat(4, 1fr) / repeat(4, 1fr)",
        "maxWidth": 400,
      }
    }
  >
    <button
      aria-label="red square"
      className="square"
      onClick={[Function]}
      style={
        {
          "background": "rgb(226, 68, 47)",
          "border": "1px solid black",
          "height": 100,
          "width": "100%",
        }
      }
    />
    <button
      aria-label="red square"
      className="square"
      onClick={[Function]}
      style={
        {
          "background": "rgb(226, 68, 47)",
          "border": "1px solid black",
          "height": 100,
          "width": "100%",
        }
      }
    />
    <button
      aria-label="red square"
      className="square"
      onClick={[Function]}
      style={
        {
          "background": "rgb(226, 68, 47)",
          "border": "1px solid black",
          "height": 100,
          "width": "100%",
        }
      }
    />
    <button
      aria-label="red square"
      className="square"
      onClick={[Function]}
      style={
        {
          "background": "rgb(226, 68, 47)",
          "border": "1px solid black",
          "height": 100,
          "width": "100%",
        }
      }
    />
    <button
      aria-label="red square"
      className="square"
      onClick={[Function]}
      style={
        {
          "background": "rgb(226, 68, 47)",
          "border": "1px solid black",
          "height": 100,
          "width": "100%",
        }
      }
    />
    <button
      aria-label="red square"
      className="square"
      onClick={[Function]}
      style={
        {
          "background": "rgb(226, 68, 47)",
          "border": "1px solid black",
          "height": 100,
          "width": "100%",
        }
      }
    />
    <button
      aria-label="red square"
      className="square"
      onClick={[Function]}
      style={
        {
          "background": "rgb(226, 68, 47)",
          "border": "1px solid black",
          "height": 100,
          "width": "100%",
        }
      }
    />
    <button
      aria-label="red square"
      className="square"
      onClick={[Function]}
      style={
        {
          "background": "rgb(226, 68, 47)",
          "border": "1px solid black",
          "height": 100,
          "width": "100%",
        }
      }
    />
    <button
      aria-label="red square"
      className="square"
      onClick={[Function]}
      style={
        {
          "background": "rgb(226, 68, 47)",
          "border": "1px solid black",
          "height": 100,
          "width": "100%",
        }
      }
    />
    <button
      aria-label="red square"
      className="square"
      onClick={[Function]}
      style={
        {
          "background": "rgb(226, 68, 47)",
          "border": "1px solid black",
          "height": 100,
          "width": "100%",
        }
      }
    />
    <button
      aria-label="red square"
      className="square"
      onClick={[Function]}
      style={
        {
          "background": "rgb(226, 68, 47)",
          "border": "1px solid black",
          "height": 100,
          "width": "100%",
        }
      }
    />
    <button
      aria-label="red square"
      className="square"
      onClick={[Function]}
      style={
        {
          "background": "rgb(226, 68, 47)",
          "border": "1px solid black",
          "height": 100,
          "width": "100%",
        }
      }
    />
    <button
      aria-label="red square"
      className="square"
      onClick={[Function]}
      style={
        {
          "background": "rgb(226, 68, 47)",
          "border": "1px solid black",
          "height": 100,
          "width": "100%",
        }
      }
    />
    <button
      aria-label="red square"
      className="square"
      onClick={[Function]}
      style={
        {
          "background": "rgb(226, 68, 47)",
          "border": "1px solid black",
          "height": 100,
          "width": "100%",
        }
      }
    />
    <button
      aria-label="red square"
      className="square"
      onClick={[Function]}
      style={
        {
          "background": "rgb(226, 68, 47)",
          "border": "1px solid black",
          "height": 100,
          "width": "100%",
        }
      }
    />
    <button
      aria-label="red square"
      className="square"
      onClick={[Function]}
      style={
        {
          "background": "rgb(226, 68, 47)",
          "border": "1px solid black",
          "height": 100,
          "width": "100%",
        }
      }
    />
  </section>,
  <div
    style={
      {
        "borderBottom": "1px solid gainsboro",
      }
    }
  >
    <p>
      <b>
        Clicks:
      </b>
       
      0
    </p>
    <button
      className="reset-button"
      disabled={true}
      onClick={[Function]}
      style={
        {
          "background": "#ff8fe7",
          "border": "1px solid transparent",
          "borderRadius": 4,
          "boxShadow": "none",
          "height": 40,
          "marginBottom": 16,
          "transform": "none",
          "transition": "all 250ms ease-in-out",
        }
      }
    >
      Reset game
    </button>
  </div>,
]
`;
